Turning off precompile in incremental mode.
Super Dev Mode starting up
   workDir: /tmp/gwt-codeserver-9062219823302055823.tmp
   Loading inherited module 'com.lushprojects.circuitjs1.circuitjs1'
      [WARN] Line 13: Setting configuration property named 'jsinterop.checks' in module 'com.lushprojects.circuitjs1.circuitjs1' that has not been previously defined
   Loading Java files in com.lushprojects.circuitjs1.circuitjs1.
   Ignored 81 units with compilation errors in first pass.
Compile with -strict or with -logLevel set to TRACE or DEBUG to see all errors.
   Module setup completed in 5474 ms

The code server is ready at http://10.20.189.110:9876/
GET /recompile/circuitjs1
   Job com.lushprojects.circuitjs1.circuitjs1_1_0
      starting job: com.lushprojects.circuitjs1.circuitjs1_1_0
      binding: user.agent=gecko1_8
      Compiling module com.lushprojects.circuitjs1.circuitjs1
         Ignored 81 units with compilation errors in first pass.
Compile with -strict or with -logLevel set to TRACE or DEBUG to see all errors.
         Computing all possible rebind results for 'com.google.gwt.useragent.client.UserAgentAsserter'
            Rebinding com.google.gwt.useragent.client.UserAgentAsserter
               Checking rule <generate-with class='com.google.gwt.editor.rebind.SimpleBeanEditorDriverGenerator'/>
                  [WARN] Detected warnings related to 'com.google.gwt.editor.client.SimpleBeanEditorDriver'.   Are validation-api-<version>.jar and validation-api-<version>-sources.jar on the classpath?
                  Specify -logLevel DEBUG to see all errors.
                  [WARN] Unknown type 'com.google.gwt.editor.client.SimpleBeanEditorDriver' specified in deferred binding rule
         [ERROR] Errors in 'file:/src/src/com/lushprojects/circuitjs1/client/ArduinoElm.java'
            [ERROR] Line 304: missing name after . operator
>         .catch(function(e) {
> --------------^
         Tracing compile failure path for type 'com.lushprojects.circuitjs1.client.ArduinoElm'
            [ERROR] Errors in 'file:/src/src/com/lushprojects/circuitjs1/client/ArduinoElm.java'
               [ERROR] Line 304: missing name after . operator
>         .catch(function(e) {
> --------------^
         [ERROR] Hint: Check the inheritance chain from your module; it may not be inheriting a required module or a module may not be adding its source path entries properly
         Unification traversed 28252 fields and methods and 2333 types. 2299 are considered part of the current module and 2299 had all of their fields and methods traversed.
      [ERROR] Compiler returned false
      [WARN] recompile failed
      [WARN] continuing to serve previous version
GET /recompile/circuitjs1
   Job com.lushprojects.circuitjs1.circuitjs1_1_1
      starting job: com.lushprojects.circuitjs1.circuitjs1_1_1
      binding: user.agent=gecko1_8
      Compiling module com.lushprojects.circuitjs1.circuitjs1
         Ignored 80 units with compilation errors in first pass.
Compile with -strict or with -logLevel set to TRACE or DEBUG to see all errors.
         Unification traversed 28323 fields and methods and 2335 types. 2301 are considered part of the current module and 2301 had all of their fields and methods traversed.
         Warnings in com/google/gwt/emul/java/util/Arrays.java
            [WARN] Line 1782: [unusable-by-js] Type of parameter 'd1' in 'int Arrays.1methodref$compare$Type.compare(long, long)' is not usable by but exposed to JavaScript.
            [WARN] Line 1782: [unusable-by-js] Type of parameter 'd2' in 'int Arrays.1methodref$compare$Type.compare(long, long)' is not usable by but exposed to JavaScript.
         [WARN] Suppress "[unusable-by-js]" warnings by adding a `@SuppressWarnings("unusable-by-js")` annotation to the corresponding member.
         Compiling 1 permutation
            Compiling permutation 0...
            Linking per-type JS with 2280 new/changed types.
            Source Maps Enabled
         Compile of permutations succeeded
         Compilation succeeded -- 2.934s
      Linking into /tmp/gwt-codeserver-9062219823302055823.tmp/com.lushprojects.circuitjs1.circuitjs1/compile-3/war/circuitjs1; Writing extras to /tmp/gwt-codeserver-9062219823302055823.tmp/com.lushprojects.circuitjs1.circuitjs1/compile-3/extras/circuitjs1
         Link succeeded
         Linking succeeded -- 0.159s
      3.122s total -- Compile completed
GET /recompile/circuitjs1
   Job com.lushprojects.circuitjs1.circuitjs1_1_2
      starting job: com.lushprojects.circuitjs1.circuitjs1_1_2
GET /recompile/circuitjs1
   Job com.lushprojects.circuitjs1.circuitjs1_1_3
      binding: user.agent=gecko1_8
      Compiling module com.lushprojects.circuitjs1.circuitjs1
         Ignored 80 units with compilation errors in first pass.
Compile with -strict or with -logLevel set to TRACE or DEBUG to see all errors.
         Unification traversed 2633 fields and methods and 1106 types. 3 are considered part of the current module and 14 had all of their fields and methods traversed.
         Compiling 1 permutation
            Compiling permutation 0...
            Linking per-type JS with 3 new/changed types.
            Source Maps Enabled
         Compile of permutations succeeded
         Compilation succeeded -- 0.662s
      Linking into /tmp/gwt-codeserver-9062219823302055823.tmp/com.lushprojects.circuitjs1.circuitjs1/compile-4/war/circuitjs1; Writing extras to /tmp/gwt-codeserver-9062219823302055823.tmp/com.lushprojects.circuitjs1.circuitjs1/compile-4/extras/circuitjs1
         Link succeeded
         Linking succeeded -- 0.044s
      0.766s total -- Compile completed
      starting job: com.lushprojects.circuitjs1.circuitjs1_1_3
      binding: user.agent=gecko1_8
      skipped compile because no input files have changed
      0.024s total -- Compile completed
GET /recompile/circuitjs1
   Job com.lushprojects.circuitjs1.circuitjs1_1_5
GET /recompile/circuitjs1
   Job com.lushprojects.circuitjs1.circuitjs1_1_4
      starting job: com.lushprojects.circuitjs1.circuitjs1_1_5
      binding: user.agent=gecko1_8
      skipped compile because no input files have changed
      0.014s total -- Compile completed
      starting job: com.lushprojects.circuitjs1.circuitjs1_1_4
      binding: user.agent=gecko1_8
      skipped compile because no input files have changed
      0.016s total -- Compile completed
GET /sourcemaps/circuitjs1/8C10EE43D195C66819FC997F4600ED88_sourcemap.json
   sent source map for module 'circuitjs1' in 27 ms
GET /sourcemaps/circuitjs1/8C10EE43D195C66819FC997F4600ED88_sourcemap.json
   sent source map for module 'circuitjs1' in 25 ms
GET /recompile/circuitjs1
   Job com.lushprojects.circuitjs1.circuitjs1_1_6
      starting job: com.lushprojects.circuitjs1.circuitjs1_1_6
      binding: user.agent=gecko1_8
      skipped compile because no input files have changed
      0.016s total -- Compile completed
GET /sourcemaps/circuitjs1/8C10EE43D195C66819FC997F4600ED88_sourcemap.json
   sent source map for module 'circuitjs1' in 19 ms
GET /recompile/circuitjs1
   Job com.lushprojects.circuitjs1.circuitjs1_1_7
      starting job: com.lushprojects.circuitjs1.circuitjs1_1_7
      binding: user.agent=gecko1_8
      skipped compile because no input files have changed
      0.016s total -- Compile completed
GET /sourcemaps/circuitjs1/8C10EE43D195C66819FC997F4600ED88_sourcemap.json
   sent source map for module 'circuitjs1' in 21 ms
GET /recompile/circuitjs1
   Job com.lushprojects.circuitjs1.circuitjs1_1_8
      starting job: com.lushprojects.circuitjs1.circuitjs1_1_8
      binding: user.agent=gecko1_8
      skipped compile because no input files have changed
      0.014s total -- Compile completed
GET /sourcemaps/circuitjs1/8C10EE43D195C66819FC997F4600ED88_sourcemap.json
   sent source map for module 'circuitjs1' in 25 ms
GET /recompile/circuitjs1
   Job com.lushprojects.circuitjs1.circuitjs1_1_9
      starting job: com.lushprojects.circuitjs1.circuitjs1_1_9
      binding: user.agent=gecko1_8
      skipped compile because no input files have changed
      0.013s total -- Compile completed
GET /sourcemaps/circuitjs1/8C10EE43D195C66819FC997F4600ED88_sourcemap.json
   sent source map for module 'circuitjs1' in 21 ms
GET /sourcemaps/circuitjs1/8C10EE43D195C66819FC997F4600ED88_sourcemap.json
   sent source map for module 'circuitjs1' in 20 ms
GET /sourcemaps/circuitjs1/8C10EE43D195C66819FC997F4600ED88_sourcemap.json
   sent source map for module 'circuitjs1' in 25 ms
